[2026-10-10T08:28:38+00:00] run /home/user/ass1/ewald_longitudinal/lj075_results/raw/hpc_pilot/lj075_pilot/local-20261010b/fast_dt0.01/run (new)
[2026-10-10T08:28:38+00:00]   config lj_rho0.75_kT1.0_A_prod: LJ rho 0.75, kT 1.0, law A only: recommended production configuration of the lj075 study (lj075_results/REPORT.md); PPPM set of lj_rho0.75_kT1.0_costopt, noise rank 14
[2026-10-10T08:28:38+00:00]   potential lj, kernel A, N 256, L 6.988644, density 0.750000, dt 0.01, kT 1.0, gamma 0.5, kappa 0.7, r_ref 1.3
[2026-10-10T08:28:38+00:00]   O-step method pppm_lanczos
[2026-10-10T08:28:38+00:00]   PPPM xi 0.85 s 4.1 eta 0.6779116381586452 p 8 -> M 24, eta_actual 0.6460, rc 4.824, kc 6.970, k0 retained True
[2026-10-10T08:28:38+00:00]   pair search tree, conservative force neighbor
[2026-10-10T08:28:38+00:00]   Lanczos ranks noise 14 / damping 5 (strict Krylov rule, table row N <= 256; verified at this N: True)
[2026-10-10T08:28:38+00:00]   static verification lj_rho0.75_kT1.0_A_prod_A_N256: NOT VERIFIED (no verification entry for this config / law / N)
[2026-10-10T08:28:38+00:00]   plan: burn-in 0 steps (t 0.0), production 100 steps (t 1.0), frames every 1 steps; init from_state (equilibrated: False)
[2026-10-10T08:28:38+00:00]   hashes: physics 7404d98999a988cd, operator b91db846f62fd7d6; code 2e8576741f3e20f165767c90852862b686f0d4b9 dirty=False; threads {'OPENBLAS_NUM_THREADS': '1', 'OMP_NUM_THREADS': '1', 'MKL_NUM_THREADS': '1'}
[2026-10-10T08:28:38+00:00]   WARNING: dt = 0.01: no dt has been validated for lj_rho0.75_kT1.0_A_prod yet
[2026-10-10T08:28:45+00:00] checkpoint step 25/100 (production) T 0.9504 U/N -4.6250 |P| 6.6e-13 rmin 0.892 step 204.2 ms, Ritz [4.659, 12.0]; monitor err 3.6e-11 S(kmin) 0.1
[2026-10-10T08:28:45+00:00] checkpoint step 26/100 (production) T 0.9443 U/N -4.6111 |P| 6.5e-13 rmin 0.911 step 212.7 ms, Ritz [4.717, 12.0]
[2026-10-10T08:28:45+00:00] segment end: incomplete at step 26/100 (signal SIGUSR1); exit 75
[2026-10-10T08:28:52+00:00] checkpoint step 51/100 (production) T 0.9852 U/N -4.7521 |P| 6.6e-13 rmin 0.909 step 200.0 ms, Ritz [4.681, 12.1]; monitor err 4.8e-11 S(kmin) 0.1
[2026-10-10T08:28:53+00:00] checkpoint step 56/100 (production) T 0.9143 U/N -4.7025 |P| 6.4e-13 rmin 0.905 step 195.7 ms, Ritz [4.685, 12.0]
[2026-10-10T08:28:53+00:00] segment end: incomplete at step 56/100 (segment step limit 30); exit 75
[2026-10-10T08:29:01+00:00] checkpoint step 81/100 (production) T 0.9839 U/N -4.7041 |P| 6.5e-13 rmin 0.911 step 198.8 ms, Ritz [4.699, 12.0]; monitor err 4.4e-11 S(kmin) 0.1
[2026-10-10T08:29:06+00:00] checkpoint step 100/100 (production) T 0.9765 U/N -4.7128 |P| 6.5e-13 rmin 0.898 step 214.9 ms, Ritz [4.707, 11.8]; monitor err 2.6e-11 S(kmin) 0.1
[2026-10-10T08:29:06+00:00] segment end: complete at step 100/100 (complete); exit 0
