pilot B: $RUN_ROOT/pilot/local-20261008T184640_B/double_well_B_N512_s101 (300 steps, frames every 1 steps)
[2026-10-08T18:46:42+00:00] run $RUN_ROOT/pilot/local-20261008T184640_B/double_well_B_N512_s101 (new)
[2026-10-08T18:46:42+00:00]   config costopt_hiacc: cost-optimised high-accuracy PPPM + Lanczos (REPORT.md budgets: A 2e-7, B 5e-8)
[2026-10-08T18:46:42+00:00]   potential double_well, kernel B, N 512, L 11.000000, density 0.384673, dt 0.005, kT 0.7, gamma 0.5, kappa 0.7, r_ref 1.3
[2026-10-08T18:46:42+00:00]   PPPM xi 1.0 s 3.9 eta 0.6827747058642308 p 7 -> M 40, eta_actual 0.6828, rc 3.900, kc 7.800, k0 retained True
[2026-10-08T18:46:42+00:00]   pair search tree, conservative force neighbor
[2026-10-08T18:46:42+00:00]   Lanczos ranks noise 24 / damping 8 (strict Krylov rule, table row N <= 512; verified at this N: True)
[2026-10-08T18:46:42+00:00]   static verification costopt_hiacc_B_N512: PASS (operator error 3.53e-08 <= 5e-08)
[2026-10-08T18:46:42+00:00]   plan: burn-in 0 steps (t 0.0), production 300 steps (t 1.5), frames every 1 steps; init replicate64 (equilibrated: False)
[2026-10-08T18:46:42+00:00]   hashes: physics 736ecd688baed148, operator 2fd68258a2bc0a0f; code e48269e169b048d3198ba72b1db7a798962a25a2 dirty=True; threads {'OPENBLAS_NUM_THREADS': '1', 'OMP_NUM_THREADS': '1', 'MKL_NUM_THREADS': '1'}
18:47:41 batch shell got a signal; forwarding USR1 to 1272
[2026-10-08T18:47:41+00:00] checkpoint step 124/300 (production) T 0.7034 U/N -5.7982 |P| 1.5e-13 rmin 0.715 step 453.2 ms, Ritz [17.935, 54.8]; monitor err 8.7e-15 S(kmin) 0.0
[2026-10-08T18:47:41+00:00] segment end: incomplete at step 124/300 (signal SIGUSR1); exit 75
segment 1 exit 75 (75 expected: stopped by the scheduler's USR1)
[2026-10-08T18:47:42+00:00] run $RUN_ROOT/pilot/local-20261008T184640_B/double_well_B_N512_s101 (resume at step 124)
[2026-10-08T18:47:42+00:00]   config costopt_hiacc: cost-optimised high-accuracy PPPM + Lanczos (REPORT.md budgets: A 2e-7, B 5e-8)
[2026-10-08T18:47:42+00:00]   potential double_well, kernel B, N 512, L 11.000000, density 0.384673, dt 0.005, kT 0.7, gamma 0.5, kappa 0.7, r_ref 1.3
[2026-10-08T18:47:42+00:00]   PPPM xi 1.0 s 3.9 eta 0.6827747058642308 p 7 -> M 40, eta_actual 0.6828, rc 3.900, kc 7.800, k0 retained True
[2026-10-08T18:47:42+00:00]   pair search tree, conservative force neighbor
[2026-10-08T18:47:42+00:00]   Lanczos ranks noise 24 / damping 8 (strict Krylov rule, table row N <= 512; verified at this N: True)
[2026-10-08T18:47:42+00:00]   static verification costopt_hiacc_B_N512: PASS (operator error 3.53e-08 <= 5e-08)
[2026-10-08T18:47:42+00:00]   plan: burn-in 0 steps (t 0.0), production 300 steps (t 1.5), frames every 1 steps; init replicate64 (equilibrated: False)
[2026-10-08T18:47:42+00:00]   hashes: physics 736ecd688baed148, operator 2fd68258a2bc0a0f; code e48269e169b048d3198ba72b1db7a798962a25a2 dirty=True; threads {'OPENBLAS_NUM_THREADS': '1', 'OMP_NUM_THREADS': '1', 'MKL_NUM_THREADS': '1'}
duplicate on the same directory exit 3 (3 expected: refused by the lock)
[2026-10-08T18:49:09+00:00] checkpoint step 300/300 (production) T 0.7062 U/N -5.7766 |P| 1.4e-13 rmin 0.711 step 467.6 ms, Ritz [17.910, 54.8]; monitor err 1.1e-14 S(kmin) 0.1
[2026-10-08T18:49:09+00:00] segment end: complete at step 300/300 (complete); exit 0
segment 2 exit 0 (75 expected: 200-step segment limit)
$RUN_ROOT/pilot/local-20261008T184640_B/double_well_B_N512_s101: PASS  costopt_hiacc double_well B N=512 ranks 24/8 M 40 steps 300/300 | step 462.6 ms (p90 529.2) peak RSS 128 MB | T 0.7050 rmin 0.711 |dP| 1.2e-13 Ritz [17.910, 54.8] monitor err 1.3e-14 S(kmin) 0.1
{
 "kernel": "B",
 "N": 512,
 "steps": 300,
 "total": 300,
 "segment_exit_codes": {
  "segment1": 75,
  "segment2": 0,
  "final": 0
 },
 "duplicate_exit_code": 3,
 "signal_exercised": true,
 "stop_reasons": [
  "signal SIGUSR1",
  "complete"
 ],
 "median_step_s_per_segment": [
  0.4532085160000179,
  0.46762528049998764
 ],
 "step_ms_median": 462.634110999943,
 "step_ms_p90": 529.1658645998724,
 "peak_rss_mb": 128.4375,
 "run_wall_s": 145.4180946859999,
 "job_wall_s": 160,
 "accuracy_warnings": 0,
 "monitor_err_max": 1.2765404325991856e-14,
 "S_kmin_max": 0.05437109509410534,
 "check_run_passed": true,
 "restart_check_passed": true,
 "lock_check_passed": true,
 "mesh_M": 40,
 "ranks": "24/8",
 "host": "vm",
 "accepted": true
}
PILOT B ACCEPTED

real	2m39.660s
user	1m54.826s
sys	0m41.941s
