[2026-10-08T18:46:42+00:00] run $RUN_ROOT/pilot/local-20261008T184640_B/double_well_B_N512_s101 (new)
[2026-10-08T18:46:42+00:00]   config costopt_hiacc: cost-optimised high-accuracy PPPM + Lanczos (REPORT.md budgets: A 2e-7, B 5e-8)
[2026-10-08T18:46:42+00:00]   potential double_well, kernel B, N 512, L 11.000000, density 0.384673, dt 0.005, kT 0.7, gamma 0.5, kappa 0.7, r_ref 1.3
[2026-10-08T18:46:42+00:00]   PPPM xi 1.0 s 3.9 eta 0.6827747058642308 p 7 -> M 40, eta_actual 0.6828, rc 3.900, kc 7.800, k0 retained True
[2026-10-08T18:46:42+00:00]   pair search tree, conservative force neighbor
[2026-10-08T18:46:42+00:00]   Lanczos ranks noise 24 / damping 8 (strict Krylov rule, table row N <= 512; verified at this N: True)
[2026-10-08T18:46:42+00:00]   static verification costopt_hiacc_B_N512: PASS (operator error 3.53e-08 <= 5e-08)
[2026-10-08T18:46:42+00:00]   plan: burn-in 0 steps (t 0.0), production 300 steps (t 1.5), frames every 1 steps; init replicate64 (equilibrated: False)
[2026-10-08T18:46:42+00:00]   hashes: physics 736ecd688baed148, operator 2fd68258a2bc0a0f; code e48269e169b048d3198ba72b1db7a798962a25a2 dirty=True; threads {'OPENBLAS_NUM_THREADS': '1', 'OMP_NUM_THREADS': '1', 'MKL_NUM_THREADS': '1'}
[2026-10-08T18:47:41+00:00] checkpoint step 124/300 (production) T 0.7034 U/N -5.7982 |P| 1.5e-13 rmin 0.715 step 453.2 ms, Ritz [17.935, 54.8]; monitor err 8.7e-15 S(kmin) 0.0
[2026-10-08T18:47:41+00:00] segment end: incomplete at step 124/300 (signal SIGUSR1); exit 75
[2026-10-08T18:47:42+00:00] run $RUN_ROOT/pilot/local-20261008T184640_B/double_well_B_N512_s101 (resume at step 124)
[2026-10-08T18:47:42+00:00]   config costopt_hiacc: cost-optimised high-accuracy PPPM + Lanczos (REPORT.md budgets: A 2e-7, B 5e-8)
[2026-10-08T18:47:42+00:00]   potential double_well, kernel B, N 512, L 11.000000, density 0.384673, dt 0.005, kT 0.7, gamma 0.5, kappa 0.7, r_ref 1.3
[2026-10-08T18:47:42+00:00]   PPPM xi 1.0 s 3.9 eta 0.6827747058642308 p 7 -> M 40, eta_actual 0.6828, rc 3.900, kc 7.800, k0 retained True
[2026-10-08T18:47:42+00:00]   pair search tree, conservative force neighbor
[2026-10-08T18:47:42+00:00]   Lanczos ranks noise 24 / damping 8 (strict Krylov rule, table row N <= 512; verified at this N: True)
[2026-10-08T18:47:42+00:00]   static verification costopt_hiacc_B_N512: PASS (operator error 3.53e-08 <= 5e-08)
[2026-10-08T18:47:42+00:00]   plan: burn-in 0 steps (t 0.0), production 300 steps (t 1.5), frames every 1 steps; init replicate64 (equilibrated: False)
[2026-10-08T18:47:42+00:00]   hashes: physics 736ecd688baed148, operator 2fd68258a2bc0a0f; code e48269e169b048d3198ba72b1db7a798962a25a2 dirty=True; threads {'OPENBLAS_NUM_THREADS': '1', 'OMP_NUM_THREADS': '1', 'MKL_NUM_THREADS': '1'}
[2026-10-08T18:49:09+00:00] checkpoint step 300/300 (production) T 0.7062 U/N -5.7766 |P| 1.4e-13 rmin 0.711 step 467.6 ms, Ritz [17.910, 54.8]; monitor err 1.1e-14 S(kmin) 0.1
[2026-10-08T18:49:09+00:00] segment end: complete at step 300/300 (complete); exit 0
